// Jest Snapshot v1, https://goo.gl/fbAQLP

exports[`Layout test cases Render check 1`] = `
<DocumentFragment>
  <div
    class="css-u0jlnf"
  >
    <a
      class="css-4w3zwj"
      href="/"
    >
      <header
        class="css-rq0vky"
        size="3"
      >
        <span
          class="logo_short"
        >
          C8X
        </span>
        <span
          class="logo_full"
        >
          CoursesBox
        </span>
      </header>
    </a>
    <nav
      class="css-1sstk05"
    >
      <a
        class="css-1sdexyg"
        href="/all"
      >
        All
      </a>
      <button
        class="css-15xqhy1"
        title="Login"
      >
        <svg
          aria-hidden="true"
          aria-label="Login"
          class="css-z3g3v6"
          data-icon="login"
          fill="currentColor"
          focusable="false"
          height="1rem"
          href="/login"
          role="img"
          viewBox="64 64 896 896"
          width="1rem"
        >
          <defs>
            <style />
          </defs>
          <path
            d="M521.7 82c-152.5-.4-286.7 78.5-363.4 197.7-3.4 5.3.4 12.3 6.7 12.3h70.3c4.8 0 9.3-2.1 12.3-5.8 7-8.5 14.5-16.7 22.4-24.5 32.6-32.5 70.5-58.1 112.7-75.9 43.6-18.4 90-27.8 137.9-27.8 47.9 0 94.3 9.3 137.9 27.8 42.2 17.8 80.1 43.4 112.7 75.9 32.6 32.5 58.1 70.4 76 112.5C865.7 417.8 875 464.1 875 512c0 47.9-9.4 94.2-27.8 137.8-17.8 42.1-43.4 80-76 112.5s-70.5 58.1-112.7 75.9A352.8 352.8 0 01520.6 866c-47.9 0-94.3-9.4-137.9-27.8A353.84 353.84 0 01270 762.3c-7.9-7.9-15.3-16.1-22.4-24.5-3-3.7-7.6-5.8-12.3-5.8H165c-6.3 0-10.2 7-6.7 12.3C234.9 863.2 368.5 942 520.6 942c236.2 0 428-190.1 430.4-425.6C953.4 277.1 761.3 82.6 521.7 82zM395.02 624v-76h-314c-4.4 0-8-3.6-8-8v-56c0-4.4 3.6-8 8-8h314v-76c0-6.7 7.8-10.5 13-6.3l141.9 112a8 8 0 010 12.6l-141.9 112c-5.2 4.1-13 .4-13-6.3z"
          />
        </svg>
      </button>
      <button
        class="css-15xqhy1"
        title="Sun"
      >
        <svg
          aria-label="Sun"
          class="css-z3g3v6"
          fill="none"
          height="1rem"
          role="img"
          viewBox="0 0 24 24"
          width="1rem"
        >
          <path
            clip-rule="evenodd"
            d="M12 16a4 4 0 100-8 4 4 0 000 8zm0 2a6 6 0 100-12 6 6 0 000 12zM11 0h2v4.062a8.079 8.079 0 00-2 0V0zM7.094 5.68L4.222 2.808 2.808 4.222 5.68 7.094A8.048 8.048 0 017.094 5.68zM4.062 11H0v2h4.062a8.079 8.079 0 010-2zm1.618 5.906l-2.872 2.872 1.414 1.414 2.872-2.872a8.048 8.048 0 01-1.414-1.414zM11 19.938V24h2v-4.062a8.069 8.069 0 01-2 0zm5.906-1.618l2.872 2.872 1.414-1.414-2.872-2.872a8.048 8.048 0 01-1.414 1.414zM19.938 13H24v-2h-4.062a8.069 8.069 0 010 2zM18.32 7.094l2.872-2.872-1.414-1.414-2.872 2.872c.528.41 1.003.886 1.414 1.414z"
            fill="currentColor"
            fill-rule="evenodd"
          />
        </svg>
      </button>
    </nav>
    <label
      class="css-fabfz"
      height="7"
      width="20"
    >
      <span
        class="css-1grri41"
      />
      <div
        class="css-52ovgc"
      >
        <input
          class="css-1bj11r8"
          placeholder="Search"
        />
        <svg
          aria-hidden="true"
          aria-label="Search"
          class="css-mjc9ur"
          data-icon="search"
          fill="currentColor"
          focusable="false"
          height="2rem"
          role="img"
          viewBox="64 64 896 896"
          width="2rem"
        >
          <path
            d="M909.6 854.5L649.9 594.8C690.2 542.7 712 479 712 412c0-80.2-31.3-155.4-87.9-212.1-56.6-56.7-132-87.9-212.1-87.9s-155.5 31.3-212.1 87.9C143.2 256.5 112 331.8 112 412c0 80.1 31.3 155.5 87.9 212.1C256.5 680.8 331.8 712 412 712c67 0 130.6-21.8 182.7-62l259.7 259.6a8.2 8.2 0 0011.6 0l43.6-43.5a8.2 8.2 0 000-11.6zM570.4 570.4C528 612.7 471.8 636 412 636s-116-23.3-158.4-65.6C211.3 528 188 471.8 188 412s23.3-116.1 65.6-158.4C296 211.3 352.2 188 412 188s116.1 23.2 158.4 65.6S636 352.2 636 412s-23.3 116.1-65.6 158.4z"
          />
        </svg>
      </div>
      <span
        class="css-1reg724"
        role="alert"
      />
    </label>
    <main
      class="css-tee3o6"
    >
      <h1>
        Main article area
      </h1>
      <p>
        In this layout, we display the areas in source order for any screen less that 500 pixels wide. We go to a two column layout, and then to a three column layout by redefining the grid, and the placement of items on the grid.
      </p>
    </main>
    <footer
      class="css-1y0dtms"
    >
      Â© 2022 NickOvchinnikov. All rights reserved.
    </footer>
  </div>
</DocumentFragment>
`;
